[07 Sep 2026, 02:48 PM] checked prices, got 4 tickers
[07 Sep 2026, 02:48 PM] no alerts this time
[07 Sep 2026, 02:50 PM] checked prices, got 4 tickers
[07 Sep 2026, 02:50 PM] no alerts this time
[07 Sep 2026, 02:55 PM] checked prices, got 4 tickers
[07 Sep 2026, 02:55 PM] no alerts this time
[07 Sep 2026, 03:00 PM] checked prices, got 4 tickers
[07 Sep 2026, 03:00 PM] no alerts this time
[07 Sep 2026, 03:05 PM] checked prices, got 4 tickers
[07 Sep 2026, 03:05 PM] no alerts this time
[07 Sep 2026, 03:10 PM] checked prices, got 4 tickers
[07 Sep 2026, 03:10 PM] no alerts this time
[07 Sep 2026, 03:15 PM] checked prices, got 4 tickers
[07 Sep 2026, 03:15 PM] no alerts this time
[07 Sep 2026, 03:20 PM] checked prices, got 4 tickers
[07 Sep 2026, 03:20 PM] no alerts this time
[07 Sep 2026, 03:25 PM] checked prices, got 4 tickers
[07 Sep 2026, 03:25 PM] no alerts this time
[07 Sep 2026, 03:30 PM] checked prices, got 4 tickers
[07 Sep 2026, 03:30 PM] no alerts this time
[07 Sep 2026, 03:35 PM] checked prices, got 4 tickers
[07 Sep 2026, 03:35 PM] no alerts this time
[07 Sep 2026, 03:40 PM] checked prices, got 4 tickers
[07 Sep 2026, 03:40 PM] no alerts this time
[07 Sep 2026, 03:45 PM] checked prices, got 4 tickers
[07 Sep 2026, 03:45 PM] no alerts this time
[07 Sep 2026, 03:50 PM] checked prices, got 4 tickers
[07 Sep 2026, 03:50 PM] no alerts this time
[07 Sep 2026, 03:55 PM] checked prices, got 4 tickers
[07 Sep 2026, 03:55 PM] no alerts this time
[07 Sep 2026, 04:00 PM] checked prices, got 4 tickers
[07 Sep 2026, 04:00 PM] no alerts this time
[07 Sep 2026, 04:05 PM] checked prices, got 4 tickers
[07 Sep 2026, 04:05 PM] no alerts this time
[07 Sep 2026, 04:10 PM] checked prices, got 4 tickers
[07 Sep 2026, 04:10 PM] no alerts this time
[07 Sep 2026, 04:15 PM] checked prices, got 4 tickers
[07 Sep 2026, 04:15 PM] no alerts this time
[07 Sep 2026, 04:20 PM] checked prices, got 4 tickers
[07 Sep 2026, 04:20 PM] no alerts this time
[07 Sep 2026, 04:25 PM] checked prices, got 4 tickers
[07 Sep 2026, 04:25 PM] no alerts this time
[07 Sep 2026, 04:30 PM] checked prices, got 4 tickers
[07 Sep 2026, 04:30 PM] no alerts this time
[07 Sep 2026, 04:35 PM] checked prices, got 4 tickers
[07 Sep 2026, 04:35 PM] no alerts this time
[07 Sep 2026, 04:40 PM] checked prices, got 4 tickers
[07 Sep 2026, 04:40 PM] no alerts this time
[07 Sep 2026, 04:45 PM] checked prices, got 4 tickers
[07 Sep 2026, 04:45 PM] no alerts this time
[07 Sep 2026, 04:50 PM] checked prices, got 4 tickers
[07 Sep 2026, 04:50 PM] no alerts this time
[07 Sep 2026, 04:55 PM] checked prices, got 4 tickers
[07 Sep 2026, 04:55 PM] no alerts this time
[07 Sep 2026, 05:00 PM] checked prices, got 4 tickers
[07 Sep 2026, 05:00 PM] no alerts this time
[07 Sep 2026, 05:05 PM] checked prices, got 4 tickers
[07 Sep 2026, 05:05 PM] no alerts this time
[07 Sep 2026, 05:10 PM] checked prices, got 4 tickers
[07 Sep 2026, 05:10 PM] no alerts this time
[07 Sep 2026, 05:15 PM] checked prices, got 4 tickers
[07 Sep 2026, 05:15 PM] no alerts this time
[07 Sep 2026, 05:20 PM] checked prices, got 4 tickers
[07 Sep 2026, 05:20 PM] no alerts this time
[07 Sep 2026, 05:25 PM] checked prices, got 4 tickers
[07 Sep 2026, 05:25 PM] no alerts this time
[07 Sep 2026, 05:36 PM] checked prices, got 4 tickers
[07 Sep 2026, 05:36 PM] no alerts this time
[07 Sep 2026, 05:42 PM] checked prices, got 4 tickers across 1 user(s)
[07 Sep 2026, 05:46 PM] checked prices, got 4 tickers across 1 user(s)
[07 Sep 2026, 05:46 PM] done
[07 Sep 2026, 05:59 PM] checked prices, got 5 tickers across 1 user(s)
[07 Sep 2026, 05:59 PM] done
[07 Sep 2026, 06:00 PM] checked prices, got 5 tickers across 1 user(s)
[07 Sep 2026, 06:00 PM] done
[07 Sep 2026, 06:06 PM] checked prices, got 6 tickers across 1 user(s)
[07 Sep 2026, 06:06 PM] done
[07 Sep 2026, 06:14 PM] checked prices, got 1 tickers across 1 user(s)
[07 Sep 2026, 06:14 PM] done
[07 Sep 2026, 06:20 PM] checked prices, got 1 tickers across 1 user(s)
[07 Sep 2026, 06:20 PM] done
[07 Sep 2026, 06:59 PM] checked prices, got 1 tickers across 1 user(s)
[07 Sep 2026, 06:59 PM] done
[07 Sep 2026, 06:59 PM] checked prices, got 1 tickers across 1 user(s)
[07 Sep 2026, 06:59 PM] done
[07 Sep 2026, 07:10 PM] checked prices, got 1 tickers across 1 user(s)
[07 Sep 2026, 07:10 PM] done
[07 Sep 2026, 07:11 PM] checked prices, got 1 tickers across 1 user(s)
[07 Sep 2026, 07:11 PM] done
[07 Sep 2026, 07:12 PM] checked prices, got 1 tickers across 1 user(s)
[07 Sep 2026, 07:12 PM] done
[07 Sep 2026, 07:12 PM] checked prices, got 1 tickers across 1 user(s)
[07 Sep 2026, 07:12 PM] done
[07 Sep 2026, 07:13 PM] checked prices, got 1 tickers across 1 user(s)
[07 Sep 2026, 07:13 PM] ALERT for user 1: TSLA is down 64.60% ($999.99 -> $353.95)
[07 Sep 2026, 07:13 PM] done
[07 Sep 2026, 07:14 PM] checked prices, got 1 tickers across 1 user(s)
[07 Sep 2026, 07:14 PM] done
[07 Sep 2026, 07:17 PM] checked prices, got 1 tickers across 1 user(s)
[07 Sep 2026, 07:17 PM] done
[07 Sep 2026, 07:22 PM] checked prices, got 1 tickers across 1 user(s)
[07 Sep 2026, 07:22 PM] done
[07 Sep 2026, 07:24 PM] checked prices, got 1 tickers across 1 user(s)
[07 Sep 2026, 07:24 PM] done
